// Jest Snapshot v1, https://goo.gl/fbAQLP

exports[`Render Bismillah 1`] = `
<div>
  <div
    class="ayah-list-item text-center text-4xl font-Nunito"
  >
    ï·½
  </div>
</div>
`;
