// Jest Snapshot v1, https://goo.gl/fbAQLP

exports[`Card snapshot 1`] = `
<div>
  <div
    class="rounded-lg border bg-card text-card-foreground shadow-sm"
  >
    <div
      class="flex flex-col space-y-1.5 p-4 pb-0"
    >
      <div
        class="text-sm text-muted-foreground"
      >
        Dummy Title
      </div>
    </div>
    <div
      class="p-4"
    >
      <div
        class="text-sm text-muted-foreground"
      />
    </div>
  </div>
</div>
`;
