// Jest Snapshot v1, https://goo.gl/fbAQLP

exports[`Render SoorahAyahTitle 1`] = `"96. əl-Ələq surəsi, 1-ci ayə"`;
