// Jest Snapshot v1, https://goo.gl/fbAQLP

exports[`FormContextProvider snapshot 1`] = `<div />`;

exports[`FormContextProvider snapshot 2`] = `<div />`;
