// Jest Snapshot v1, https://goo.gl/fbAQLP

exports[`Card snapshot 1`] = `
<div>
  <div
    class="card"
  >
    <div
      class="card-title px-7 "
    >
      Dummy Title
    </div>
    <div
      class="card-content px-7 "
    />
  </div>
</div>
`;
